<?xml version="1.0" encoding="UTF-8"?>
<testsuites name="jest tests" tests="1" failures="1" errors="0" time="3.507">
  <testsuite name="Metadata" errors="0" failures="1" skipped="0" timestamp="2023-03-06T08:37:35" time="3.44" tests="1">
    <testcase classname="Metadata get&lt;API.Metadata&gt; should be able to get the OBP Metadata data." name="Metadata get&lt;API.Metadata&gt; should be able to get the OBP Metadata data." time="2.394">
      <failure>Error: Not Found
    at Request.callback (/Users/ron/tesobe/gh/OBP-Oauth-SDK/node_modules/superagent/src/node/index.js:901:17)
    at fn (/Users/ron/tesobe/gh/OBP-Oauth-SDK/node_modules/superagent/src/node/index.js:1166:18)
    at IncomingMessage.&lt;anonymous&gt; (/Users/ron/tesobe/gh/OBP-Oauth-SDK/node_modules/superagent/src/node/parsers/json.js:19:7)
    at IncomingMessage.emit (node:events:525:35)
    at IncomingMessage.emit (node:domain:489:12)
    at endReadableNT (node:internal/streams/readable:1359:12)
    at processTicksAndRejections (node:internal/process/task_queues:82:21)</failure>
    </testcase>
  </testsuite>
</testsuites>